  ⠋ ios · scaffold…
  ✓ ios · scaffold
      0ms
  ⠋ ios · codegen…
  › project:generate {"target":"ios","written":6,"unchanged":0}
  › project:patchMobile {"target":"ios","patched":2}
  ✓ ios · codegen
      9421ms
  ⠋ ios · icons…
  ✓ ios · icons
      placeholder (1149ms)
  ⠋ ios · compile…
  ✗ ios · compile
      [native] tauri unknown.
        Inspect the stderr tail above; run `native doctor` if the cause is unclear.
2026-10-03 18:35:13.858 [native:scrubbed] Error Domain=NSCocoaErrorDomain Code=3840 "JSON text did not start with array or object and option to allow fragments not set. around line 1, column 0." [native:scrubbed] text did not start with array or object and option to allow fragments not set. around line 1, column 0., [native:scrubbed]
2026-10-03 18:35:13.866 [native:scrubbed] Writing error result bundle to /var/folders/zf/jmgqg3717m7761jq9tzj4vq40000gq/T/ResultBundle_2026-03-10_18-35-0013.xcresult
xcodebuild: error: Unable to load workspace '/Users/moku/projects/moku/game/spikes/p13-webgpu-webview/.moku/tauri/src-tauri/gen/apple/p13gpu.xcodeproj/project.xcworkspace/'.
failed to build iOS app: failed to build with xcodebuild: command ["xcodebuild"] exited with code 74
       Error failed to build iOS app: failed to build with xcodebuild: command ["xcodebuild"] exited with code 74
…
        Info Looking up installed tauri packages to check mismatched versions...
     Running beforeBuildCommand `bun run build:web`
$ bun build ./web/index.html --outdir dist --minify
2026-10-03 18:35:13.858 [native:scrubbed] Error Domain=NSCocoaErrorDomain Code=3840 "JSON text did not start with array or object and option to allow fragments not set. around line 1, column 0." [native:scrubbed] text did not start with array or object and option to allow fragments not set. around line 1, column 0., [native:scrubbed]
2026-10-03 18:35:13.866 [native:scrubbed] Writing error result bundle to /var/folders/zf/jmgqg3717m7761jq9tzj4vq40000gq/T/ResultBundle_2026-03-10_18-35-0013.xcresult
xcodebuild: error: Unable to load workspace '/Users/moku/projects/moku/game/spikes/p13-webgpu-webview/.moku/tauri/src-tauri/gen/apple/p13gpu.xcodeproj/project.xcworkspace/'.
	Reason: The project ‘p13gpu’ is damaged and cannot be opened due to a parse error. Examine the project file for invalid edits or unresolved source control conflicts.
Path: /Users/moku/projects/moku/game/spikes/p13-webgpu-webview/.moku/tauri/src-tauri/gen/apple/p13gpu.xcodeproj
failed to build iOS app: failed to build with xcodebuild: command ["xcodebuild"] exited with code 74
       Error failed to build iOS app: failed to build with xcodebuild: command ["xcodebuild"] exited with code 74
  ✗ [native] tauri unknown.
  Inspect the stderr tail above; run `native doctor` if the cause is unclear.
3341 | */
3342 | function classify(code, scrubbedOutput) {
3343 | 	const lines = scrubbedOutput.split(/\r?\n/).filter((line) => line.length > 0);
3344 | 	const classifiable = signalLines(lines);
3345 | 	const kind = TAXONOMY_PATTERNS.find(({ test }) => classifiable.some((line) => test.test(line)))?.kind ?? (code === null ? "cancelled" : "unknown");
3346 | 	return new TauriError(kind, `[native] tauri ${kind.replaceAll("-", " ")}.\n  ${ADVICE[kind]}`, {
               ^
TauriError: [native] tauri unknown.
  Inspect the stderr tail above; run `native doctor` if the cause is unclear.
       kind: "unknown",
   exitCode: 1,
 stderrTail: "2026-10-03 18:35:13.858 [native:scrubbed] Error Domain=NSCocoaErrorDomain Code=3840 \"JSON text did not start with array or object and option to allow fragments not set. around line 1, column 0.\" [native:scrubbed] text did not start with array or object and option to allow fragments not set. around line 1, column 0., [native:scrubbed]\n2026-10-03 18:35:13.866 [native:scrubbed] Writing error result bundle to /var/folders/zf/jmgqg3717m7761jq9tzj4vq40000gq/T/ResultBundle_2026-03-10_18-35-0013.xcresult\nxcodebuild: error: Unable to load workspace '/Users/moku/projects/moku/game/spikes/p13-webgpu-webview/.moku/tauri/src-tauri/gen/apple/p13gpu.xcodeproj/project.xcworkspace/'.\nfailed to build iOS app: failed to build with xcodebuild: command [\"xcodebuild\"] exited with code 74\n       Error failed to build iOS app: failed to build with xcodebuild: command [\"xcodebuild\"] exited with code 74\n…\n        Info Looking up installed tauri packages to check mismatched versions...\n     Running beforeBuildCommand `bun run build:web`\n$ bun build ./web/index.html --outdir dist --minify\n2026-10-03 18:35:13.858 [native:scrubbed] Error Domain=NSCocoaErrorDomain Code=3840 \"JSON text did not start with array or object and option to allow fragments not set. around line 1, column 0.\" [native:scrubbed] text did not start with array or object and option to allow fragments not set. around line 1, column 0., [native:scrubbed]\n2026-10-03 18:35:13.866 [native:scrubbed] Writing error result bundle to /var/folders/zf/jmgqg3717m7761jq9tzj4vq40000gq/T/ResultBundle_2026-03-10_18-35-0013.xcresult\nxcodebuild: error: Unable to load workspace '/Users/moku/projects/moku/game/spikes/p13-webgpu-webview/.moku/tauri/src-tauri/gen/apple/p13gpu.xcodeproj/project.xcworkspace/'.\n\tReason: The project ‘p13gpu’ is damaged and cannot be opened due to a parse error. Examine the project file for invalid edits or unresolved source control conflicts.\nPath: /Users/moku/projects/moku/game/spikes/p13-webgpu-webview/.moku/tauri/src-tauri/gen/apple/p13gpu.xcodeproj\nfailed to build iOS app: failed to build with xcodebuild: command [\"xcodebuild\"] exited with code 74\n       Error failed to build iOS app: failed to build with xcodebuild: command [\"xcodebuild\"] exited with code 74",

      at classify (/Users/moku/projects/moku/game/spikes/p13-webgpu-webview/node_modules/@moku-labs/native/dist/index.mjs:3346:9)
      at run (/Users/moku/projects/moku/game/spikes/p13-webgpu-webview/node_modules/@moku-labs/native/dist/index.mjs:4126:10)

Bun v1.3.14 (macOS arm64)
