  ⠋ ios · scaffold…
  ✓ ios · scaffold
      1ms
  ⠋ ios · codegen…
  › project:generate {"target":"ios","written":0,"unchanged":6}
  › project:patchMobile {"target":"ios","patched":0}
  ✓ ios · codegen
      6ms
  ⠋ ios · icons…
  ✓ ios · icons
      up to date (7ms)
  ⠋ ios · compile…
  ⠋ ios · compile — cleared previous build output
  ✓ ios · compile
      21804ms
  ⠋ ios · bundle…
  ✓ ios · bundle
      0ms
  ⠋ ios · collect…
  ✓ ios · collect
      2ms
+-------------------------------------------+
| P15Fixture — ios build complete           |
| Target     ios                            |
| Output     dist-native/ios                |
| Artifact   dist-native/ios/P15Fixture.app |
| Duration   21820ms                        |
+-------------------------------------------+
