  ⠋ ios · scaffold…
  ✓ ios · scaffold
      4ms
  ⠋ ios · codegen…
  › project:generate {"target":"ios","written":0,"unchanged":6}
  › project:patchMobile {"target":"ios","patched":0}
  ✓ ios · codegen
      10ms
  ⠋ ios · icons…
  ✓ ios · icons
      up to date (8ms)
  ⠋ ios · compile…
  ✓ ios · compile
      67267ms
  ⠋ ios · bundle…
  ✓ ios · bundle
      0ms
  ⠋ ios · collect…
  ✓ ios · collect
      1ms
+-------------------------------------------+
| P15Fixture — ios build complete           |
| Target     ios                            |
| Output     dist-native/ios                |
| Artifact   dist-native/ios/P15Fixture.app |
| Duration   67291ms                        |
+-------------------------------------------+
